[Thu May 07 11:38:45 UTC 2026][INFO] [Action] EE NewBook
[Thu May 07 11:40:30 UTC 2026][INFO] [Action] E AutoChapterGroupAction - 0
[Thu May 07 11:44:32 UTC 2026][INFO] [Action] E ItemChanged - -1,2849
[Thu May 07 11:44:39 UTC 2026][INFO] [Action] E SaveBook - Save
[Thu May 07 11:45:45 UTC 2026][INFO] [Action] E UpdateStyle - (c,3245,1),125:3:0,126:1:0,(r,3245,3245),T
[Thu May 07 11:46:15 UTC 2026][INFO] [Action] E ItemChanged - -1,18578
[Thu May 07 11:46:25 UTC 2026][INFO] [Action] E UpdateStyle - (c,18777,1),125:3:0,126:1:0,(r,18777,18777),T
[Thu May 07 11:46:28 UTC 2026][INFO] [Action] E ItemChanged - -1,34727
[Thu May 07 11:46:37 UTC 2026][INFO] [Action] E UpdateStyle - (c,34946,1),125:3:0,126:1:0,(r,34946,34946),T
[Thu May 07 11:46:39 UTC 2026][INFO] [Action] E ItemChanged - -1,50035
[Thu May 07 11:46:44 UTC 2026][INFO] [Action] E UpdateStyle - (c,50326,1),125:3:0,126:1:0,(r,50326,50326),T
[Thu May 07 11:46:46 UTC 2026][INFO] [Action] E ItemChanged - -1,66716
[Thu May 07 11:46:54 UTC 2026][INFO] [Action] E UpdateStyle - (r,66945,66945),125:3:0,126:1:0,(r,66945,66945),T
[Thu May 07 11:46:58 UTC 2026][INFO] [Action] E ItemChanged - -1,91727
[Thu May 07 11:47:02 UTC 2026][INFO] [Action] E UpdateStyle - (r,92009,92009),125:3:0,126:1:0,(r,92009,92009),T
[Thu May 07 11:47:04 UTC 2026][INFO] [Action] E ItemChanged - -1,107732
[Thu May 07 11:47:12 UTC 2026][INFO] [Action] E UpdateStyle - (c,108017,1),125:3:0,126:1:0,(r,108017,108017),T
[Thu May 07 11:47:14 UTC 2026][INFO] [Action] E ItemChanged - -1,107732
[Thu May 07 11:47:15 UTC 2026][INFO] [Action] E ItemChanged - -1,91727
[Thu May 07 11:49:17 UTC 2026][INFO] [Action] E SaveBook - Save
[Thu May 07 11:50:00 UTC 2026][INFO] [Action] E ApplyThemeBook - classic_theme
[Thu May 07 11:50:35 UTC 2026][INFO] [Action] E ItemChanged - -1,2849
[Thu May 07 11:50:36 UTC 2026][INFO] [Action] E ItemChanged - -1,2849
[Thu May 07 11:50:59 UTC 2026][INFO] [Action] E ItemChanged - -1,1
[Thu May 07 11:51:27 UTC 2026][INFO] [Action] E SaveBook - Save
[Thu May 07 11:52:06 UTC 2026][INFO] [Action] E SaveBook - Save
[Thu May 07 11:52:07 UTC 2026][INFO] Logger Terminated
[Thu May 07 11:55:43 UTC 2026][INFO] [Action] EE OpenBook - 2026-05-07 Libro Amazon_KC.kcb
[Thu May 07 11:55:59 UTC 2026][INFO] [Action] E PreviewBook - 1
[Thu May 07 11:56:36 UTC 2026][INFO] [Action] E SaveBook - SaveforExport
[Thu May 07 11:59:23 UTC 2026][INFO] [Action] EE ExportAction
[Thu May 07 11:59:26 UTC 2026][INFO] [Action] E SaveBook - Save
[Thu May 07 11:59:26 UTC 2026][INFO] Logger Terminated
[Thu May 07 12:33:01 UTC 2026][INFO] [Action] EE OpenBook - 2026-05-07 Libro Amazon_KC.kcb
[Thu May 07 12:35:32 UTC 2026][INFO] [Action] E InsertGenericPageAction - 9,0
[Thu May 07 12:35:35 UTC 2026][INFO] [Action] E ItemChanged - -1,1
[Thu May 07 12:35:37 UTC 2026][INFO] [Action] U InsertGenericPageAction
[Thu May 07 12:36:30 UTC 2026][INFO] [Action] EE InsertImageAction - (c,1,1),Portada.jpg,4,1,0.000000,0.000000,0.000000,0.000000,0.000000,0.000000,0
[Thu May 07 12:38:05 UTC 2026][INFO] [Action] E SaveBook - Save
[Thu May 07 12:38:18 UTC 2026][INFO] [Action] E InsertGenericPageAction - 5,0
[Thu May 07 12:38:28 UTC 2026][INFO] [Action] E InsertTextContent - (r,1,7),[S]
[Thu May 07 12:38:28 UTC 2026][INFO] [Action] E InsertTextContent - (c,1,2),[I]
[Thu May 07 12:38:29 UTC 2026][INFO] [Action] E InsertTextContent - (c,2,2),[N]
[Thu May 07 12:38:29 UTC 2026][INFO] [Action] E InsertTextContent - (c,3,2),[O]
[Thu May 07 12:38:29 UTC 2026][INFO] [Action] E InsertTextContent - (c,4,2),[P]
[Thu May 07 12:38:30 UTC 2026][INFO] [Action] E DeleteContent - (c,5,2),B
[Thu May 07 12:38:31 UTC 2026][INFO] [Action] E InsertTextContent - (c,4,2),[P]
[Thu May 07 12:38:31 UTC 2026][INFO] [Action] E InsertTextContent - (c,5,2),[S]
[Thu May 07 12:38:32 UTC 2026][INFO] [Action] E InsertTextContent - (c,6,2),[I]
[Thu May 07 12:38:32 UTC 2026][INFO] [Action] E InsertTextContent - (c,7,2),[S]
[Thu May 07 12:38:45 UTC 2026][INFO] [Action] E InsertTextContent - (r,1,8),[P]
[Thu May 07 12:38:46 UTC 2026][INFO] [Action] E InsertTextContent - (c,1,2),[R]
[Thu May 07 12:38:47 UTC 2026][INFO] [Action] E InsertTextContent - (c,2,2),[E]
[Thu May 07 12:38:48 UTC 2026][INFO] [Action] E InsertTextContent - (c,3,2),[Á]
[Thu May 07 12:38:48 UTC 2026][INFO] [Action] E InsertTextContent - (c,4,2),[M]
[Thu May 07 12:38:48 UTC 2026][INFO] [Action] E InsertTextContent - (c,5,2),[B]
[Thu May 07 12:38:48 UTC 2026][INFO] [Action] E InsertTextContent - (c,6,2),[U]
[Thu May 07 12:38:50 UTC 2026][INFO] [Action] E DeleteContent - (c,7,2),B
[Thu May 07 12:38:50 UTC 2026][INFO] [Action] E DeleteContent - (c,6,2),B
[Thu May 07 12:38:50 UTC 2026][INFO] [Action] E DeleteContent - (c,5,2),B
[Thu May 07 12:38:50 UTC 2026][INFO] [Action] E DeleteContent - (c,4,2),B
[Thu May 07 12:38:51 UTC 2026][INFO] [Action] E DeleteContent - (c,3,2),B
[Thu May 07 12:38:51 UTC 2026][INFO] [Action] E DeleteContent - (c,2,2),B
[Thu May 07 12:38:51 UTC 2026][INFO] [Action] E DeleteContent - (c,1,2),B
[Thu May 07 12:38:52 UTC 2026][INFO] [Action] E RemoveSectionBreak - 1,0
[Thu May 07 12:38:52 UTC 2026][INFO] [Action] EFail RemoveSectionBreak - 4
[Thu May 07 12:38:55 UTC 2026][INFO] [Action] E RemoveSectionBreak - 1,0
[Thu May 07 12:38:55 UTC 2026][INFO] [Action] EFail RemoveSectionBreak - 4
[Thu May 07 12:39:23 UTC 2026][INFO] [Action] E InsertTextContent - (c,1,2),[s]
[Thu May 07 12:39:26 UTC 2026][INFO] [Action] E InsertTextContent - (c,1,2),[i]
[Thu May 07 12:39:28 UTC 2026][INFO] [Action] E InsertTextContent - (c,2,2),[n]
[Thu May 07 12:39:28 UTC 2026][INFO] [Action] E InsertTextContent - (c,3,2),[o]
[Thu May 07 12:39:29 UTC 2026][INFO] [Action] E InsertTextContent - (c,4,2),[p]
[Thu May 07 12:39:31 UTC 2026][INFO] [Action] E InsertTextContent - (c,5,2),[s]
[Thu May 07 12:39:31 UTC 2026][INFO] [Action] E InsertTextContent - (c,6,2),[i]
[Thu May 07 12:39:31 UTC 2026][INFO] [Action] E InsertTextContent - (c,7,2),[s]
[Thu May 07 12:39:56 UTC 2026][INFO] [Action] E DeleteContent - (c,199,1),B
[Thu May 07 12:39:57 UTC 2026][INFO] [Action] E DeleteContent - (c,198,1),B
[Thu May 07 12:39:57 UTC 2026][INFO] [Action] E DeleteContent - (c,197,1),B
[Thu May 07 12:39:57 UTC 2026][INFO] [Action] E DeleteContent - (c,196,1),B
[Thu May 07 12:39:57 UTC 2026][INFO] [Action] E DeleteContent - (c,195,1),B
[Thu May 07 12:39:57 UTC 2026][INFO] [Action] E DeleteContent - (c,194,1),B
[Thu May 07 12:39:57 UTC 2026][INFO] [Action] E DeleteContent - (c,193,1),B
[Thu May 07 12:39:57 UTC 2026][INFO] [Action] E DeleteContent - (c,192,1),B
[Thu May 07 12:39:57 UTC 2026][INFO] [Action] E DeleteContent - (c,191,1),B
[Thu May 07 12:39:57 UTC 2026][INFO] [Action] E DeleteContent - (c,190,1),B
[Thu May 07 12:39:57 UTC 2026][INFO] [Action] E DeleteContent - (c,189,1),B
[Thu May 07 12:39:57 UTC 2026][INFO] [Action] E DeleteContent - (c,188,1),B
[Thu May 07 12:39:57 UTC 2026][INFO] [Action] E DeleteContent - (c,187,1),B
[Thu May 07 12:39:57 UTC 2026][INFO] [Action] E DeleteContent - (c,186,1),B
[Thu May 07 12:39:57 UTC 2026][INFO] [Action] E DeleteContent - (c,185,1),B
[Thu May 07 12:39:59 UTC 2026][INFO] [Action] E DeleteContent - (r,19,183),F
[Thu May 07 12:40:00 UTC 2026][INFO] [Action] E DeleteContent - (c,18,2),B
[Thu May 07 12:40:00 UTC 2026][INFO] [Action] E DeleteContent - (c,18,1),B
[Thu May 07 12:40:00 UTC 2026][INFO] [Action] E DeleteContent - (c,17,1),B
[Thu May 07 12:40:00 UTC 2026][INFO] [Action] E DeleteContent - (c,16,1),B
[Thu May 07 12:40:00 UTC 2026][INFO] [Action] E DeleteContent - (c,15,1),B
[Thu May 07 12:40:01 UTC 2026][INFO] [Action] E DeleteContent - (c,14,1),B
[Thu May 07 12:40:01 UTC 2026][INFO] [Action] E DeleteContent - (c,13,1),B
[Thu May 07 12:40:01 UTC 2026][INFO] [Action] E DeleteContent - (c,12,1),B
[Thu May 07 12:40:02 UTC 2026][INFO] [Action] E DeleteContent - (c,11,1),B
[Thu May 07 12:40:39 UTC 2026][INFO] [Action] E InsertTextContent - (c,10,1),[d]
[Thu May 07 12:40:40 UTC 2026][INFO] [Action] E InsertTextContent - (c,10,2),[d]
[Thu May 07 12:40:40 UTC 2026][INFO] [Action] E InsertTextContent - (c,11,2),[d]
[Thu May 07 12:40:44 UTC 2026][INFO] [Action] E Paste - (c,12,2),865
[Thu May 07 12:40:48 UTC 2026][INFO] [Action] E DeleteContent - (c,13,1),B
[Thu May 07 12:40:48 UTC 2026][INFO] [Action] E DeleteContent - (c,12,1),B
[Thu May 07 12:40:48 UTC 2026][INFO] [Action] E DeleteContent - (c,11,1),B
[Thu May 07 12:40:49 UTC 2026][INFO] [Action] E DeleteContent - (c,10,1),B
[Thu May 07 12:41:08 UTC 2026][INFO] [Action] E SaveBook - Save
[Thu May 07 12:41:15 UTC 2026][INFO] [Action] E SaveBook - SaveforExport
[Thu May 07 12:41:47 UTC 2026][INFO] [Action] EE ExportAction
[Thu May 07 12:41:49 UTC 2026][INFO] [Action] E SaveBook - Save
[Thu May 07 12:41:49 UTC 2026][INFO] Logger Terminated
[Thu May 07 12:45:43 UTC 2026][INFO] [Action] EE OpenBook - 2026-05-07 Libro Amazon_KC.kcb
[Thu May 07 12:45:46 UTC 2026][INFO] [Action] E ItemChanged - -1,863
[Thu May 07 12:45:56 UTC 2026][INFO] [Action] E DeleteContent - (r,863,863),B
[Thu May 07 12:46:03 UTC 2026][INFO] [Action] E ItemChanged - -1,1
[Thu May 07 12:46:50 UTC 2026][INFO] [Action] E InsertGenericPageAction - 9,0
[Thu May 07 12:46:52 UTC 2026][INFO] [Action] E ItemChanged - -1,863
[Thu May 07 12:46:53 UTC 2026][INFO] [Action] E ItemChanged - -1,863
[Thu May 07 12:46:56 UTC 2026][INFO] [Action] E ItemChanged - -1,863
[Thu May 07 12:47:00 UTC 2026][INFO] [Action] E ItemChanged - -1,1
[Thu May 07 12:47:00 UTC 2026][INFO] [Action] E ItemChanged - -1,1
[Thu May 07 12:47:03 UTC 2026][INFO] [Action] E ItemChanged - -1,1
[Thu May 07 12:47:06 UTC 2026][INFO] [Action] E ItemChanged - -1,863
[Thu May 07 12:47:08 UTC 2026][INFO] [Action] EE MovePage - 0,1,11
[Thu May 07 12:47:12 UTC 2026][INFO] [Action] E ItemChanged - -1,1
[Thu May 07 12:47:13 UTC 2026][INFO] [Action] E ItemChanged - -1,1
[Thu May 07 12:47:21 UTC 2026][INFO] [Action] E ItemChanged - -1,1
[Thu May 07 12:47:21 UTC 2026][INFO] [Action] E ItemChanged - -1,1
[Thu May 07 12:47:51 UTC 2026][INFO] [Action] EE InsertImageAction - (c,1,1),Portada.jpg,4,0,45.652176,0.000000,45.652176,0.000000,1.285714,7.000000,3
[Thu May 07 12:47:58 UTC 2026][INFO] [Action] U InsertImageAction
[Thu May 07 12:48:03 UTC 2026][INFO] [Action] E ItemChanged - -1,1
[Thu May 07 12:48:21 UTC 2026][INFO] [Action] E ItemChanged - -1,1
[Thu May 07 12:48:32 UTC 2026][INFO] [Action] E ItemChanged - -1,1
[Thu May 07 12:48:37 UTC 2026][INFO] [Action] E ItemChanged - -1,13
[Thu May 07 12:48:39 UTC 2026][INFO] [Action] E ItemChanged - -1,1
[Thu May 07 12:49:12 UTC 2026][INFO] [Action] EE InsertImageAction - (r,1,1),Portada.jpg,4,1,0.000000,0.000000,0.000000,0.000000,0.000000,0.000000,0
[Thu May 07 12:49:22 UTC 2026][INFO] [Action] E DeleteContent - (r,2,2),F
[Thu May 07 12:49:23 UTC 2026][INFO] [Action] E DeleteContent - (r,2,2),F
[Thu May 07 12:49:23 UTC 2026][INFO] [Action] E DeleteContent - (r,2,2),F
[Thu May 07 12:49:23 UTC 2026][INFO] [Action] E DeleteContent - (r,2,2),F
[Thu May 07 12:49:23 UTC 2026][INFO] [Action] E DeleteContent - (r,2,2),F
[Thu May 07 12:49:24 UTC 2026][INFO] [Action] E DeleteContent - (r,2,2),F
[Thu May 07 12:49:24 UTC 2026][INFO] [Action] E DeleteContent - (r,2,2),F
[Thu May 07 12:49:24 UTC 2026][INFO] [Action] E DeleteContent - (r,2,2),F
[Thu May 07 12:49:24 UTC 2026][INFO] [Action] E DeleteContent - (r,2,2),F
[Thu May 07 12:49:32 UTC 2026][INFO] [Action] E RemoveSectionBreak - 2,1
[Thu May 07 12:49:42 UTC 2026][INFO] [Action] E ApplySemantics - (r,3,10),other_page_title
[Thu May 07 12:49:51 UTC 2026][INFO] [Action] E SaveBook - Save
[Thu May 07 12:50:04 UTC 2026][INFO] [Action] E SaveBook - SaveforExport
[Thu May 07 12:50:18 UTC 2026][INFO] [Action] EE ExportAction
[Thu May 07 12:50:18 UTC 2026][INFO] [Action] EFail ExportAction - 5
[Thu May 07 12:50:24 UTC 2026][INFO] [Action] E SaveBook - SaveforExport
[Thu May 07 12:50:53 UTC 2026][INFO] [Action] EE ExportAction
[Thu May 07 12:52:13 UTC 2026][INFO] [Action] E SaveBook - Save
[Thu May 07 12:52:13 UTC 2026][INFO] Logger Terminated
[Thu May 07 13:45:43 UTC 2026][INFO] [Action] EE OpenBook - 2026-05-07 Libro Amazon_KC.kcb
[Thu May 07 13:45:48 UTC 2026][INFO] [Action] E ItemChanged - -1,1
[Thu May 07 13:45:49 UTC 2026][INFO] [Action] E ItemChanged - -1,1
[Thu May 07 13:45:54 UTC 2026][INFO] [Action] E DeleteContent - (r,1,2),B
[Thu May 07 13:45:55 UTC 2026][INFO] [Action] E ItemChanged - -1,1
[Thu May 07 13:45:59 UTC 2026][INFO] [Action] E ItemChanged - -1,1
[Thu May 07 13:46:02 UTC 2026][INFO] [Action] E ItemChanged - -1,1
[Thu May 07 13:46:04 UTC 2026][INFO] [Action] E ItemChanged - -1,863
[Thu May 07 13:46:10 UTC 2026][INFO] [Action] E AddTextContainer - (c,975,2),0,0,0
[Thu May 07 13:46:11 UTC 2026][INFO] [Action] E AddTextContainer - (c,976,1),1,0,0
[Thu May 07 13:46:11 UTC 2026][INFO] [Action] E AddTextContainer - (c,977,1),1,0,0
[Thu May 07 13:46:11 UTC 2026][INFO] [Action] E AddTextContainer - (c,978,1),1,0,0
[Thu May 07 13:46:13 UTC 2026][INFO] [Action] E AddTextContainer - (c,979,1),1,0,0
[Thu May 07 13:46:13 UTC 2026][INFO] [Action] E AddTextContainer - (c,980,1),1,0,0
[Thu May 07 13:46:13 UTC 2026][INFO] [Action] E AddTextContainer - (c,981,1),1,0,0
[Thu May 07 13:46:15 UTC 2026][INFO] [Action] E InsertTextContent - (c,982,1),[P]
[Thu May 07 13:46:16 UTC 2026][INFO] [Action] E InsertTextContent - (c,982,2),[e]
[Thu May 07 13:46:16 UTC 2026][INFO] [Action] E InsertTextContent - (c,983,2),[t]
[Thu May 07 13:46:17 UTC 2026][INFO] [Action] E InsertTextContent - (c,984,2),[r]
[Thu May 07 13:46:17 UTC 2026][INFO] [Action] E InsertTextContent - (c,985,2),[i]
[Thu May 07 13:46:17 UTC 2026][INFO] [Action] E InsertTextContent - (c,986,2),[x]
[Thu May 07 13:46:17 UTC 2026][INFO] [Action] E InsertTextContent - (c,987,2),[SPACE]
[Thu May 07 13:46:18 UTC 2026][INFO] [Action] E InsertTextContent - (c,988,2),[I]
[Thu May 07 13:46:19 UTC 2026][INFO] [Action] E InsertTextContent - (c,989,2),[e]
[Thu May 07 13:46:19 UTC 2026][INFO] [Action] E InsertTextContent - (c,990,2),[3]
[Thu May 07 13:46:19 UTC 2026][INFO] [Action] E DeleteContent - (c,991,2),B
[Thu May 07 13:46:20 UTC 2026][INFO] [Action] E InsertTextContent - (c,990,2),[s]
[Thu May 07 13:46:20 UTC 2026][INFO] [Action] E InsertTextContent - (c,991,2),[u]
[Thu May 07 13:46:20 UTC 2026][INFO] [Action] E InsertTextContent - (c,992,2),[s]
[Thu May 07 13:46:27 UTC 2026][INFO] [Action] E AddTextContainer - (c,980,1),1,0,0
[Thu May 07 13:46:27 UTC 2026][INFO] [Action] E AddTextContainer - (c,981,1),1,0,0
[Thu May 07 13:46:28 UTC 2026][INFO] [Action] E AddTextContainer - (c,982,1),1,0,0
[Thu May 07 13:46:28 UTC 2026][INFO] [Action] E AddTextContainer - (c,983,1),1,0,0
[Thu May 07 13:46:31 UTC 2026][INFO] [Action] E AddTextContainer - (c,984,1),1,0,0
[Thu May 07 13:46:33 UTC 2026][INFO] [Action] E ItemChanged - -1,1000
[Thu May 07 13:46:33 UTC 2026][INFO] [Action] E ItemChanged - -1,1000
[Thu May 07 13:46:35 UTC 2026][INFO] [Action] E DeleteContent - (r,1000,1011),B
[Thu May 07 13:46:37 UTC 2026][INFO] [Action] E ItemChanged - -1,863
[Thu May 07 13:46:46 UTC 2026][INFO] [Action] E SaveBook - Save
[Thu May 07 13:46:47 UTC 2026][INFO] [Action] E ItemChanged - -1,1000
[Thu May 07 13:46:48 UTC 2026][INFO] [Action] E ItemChanged - -1,1101
[Thu May 07 13:46:50 UTC 2026][INFO] [Action] E ItemChanged - -1,1303
[Thu May 07 13:46:51 UTC 2026][INFO] [Action] E ItemChanged - -1,1587
[Thu May 07 13:46:51 UTC 2026][INFO] [Action] E ItemChanged - -1,3721
[Thu May 07 13:47:01 UTC 2026][INFO] [Action] E SaveBook - SaveforExport
[Thu May 07 13:47:25 UTC 2026][INFO] [Action] EE ExportAction
[Thu May 07 13:47:28 UTC 2026][INFO] [Action] E SaveBook - Save
[Thu May 07 13:47:28 UTC 2026][INFO] Logger Terminated
[Thu May 07 14:32:13 UTC 2026][INFO] [Action] EE OpenBook - 2026-05-07 Libro Amazon_KC.kcb
[Thu May 07 14:40:02 UTC 2026][INFO] [Action] E SaveBook - Save
[Thu May 07 14:40:06 UTC 2026][INFO] [Action] E SaveBook - Save
[Thu May 07 14:40:13 UTC 2026][INFO] [Action] E ItemChanged - -1,1000
[Thu May 07 14:40:15 UTC 2026][INFO] [Action] E ItemChanged - -1,863
[Thu May 07 14:40:19 UTC 2026][INFO] [Action] E ItemChanged - -1,1000
[Thu May 07 14:40:19 UTC 2026][INFO] [Action] E ItemChanged - -1,1303
[Thu May 07 14:42:16 UTC 2026][INFO] [Action] E SaveBook - SaveforExport
[Thu May 07 14:42:47 UTC 2026][INFO] [Action] EE ExportAction
[Thu May 07 18:25:14 UTC 2026][INFO] [Action] E SaveBook - Save
[Thu May 07 18:25:14 UTC 2026][INFO] Logger Terminated
