[Thu May 07 11:38:45 UTC 2026][INFO] [Action] EE NewBook
[Thu May 07 11:40:30 UTC 2026][INFO] [Action] E AutoChapterGroupAction - 0
[Thu May 07 11:44:32 UTC 2026][INFO] [Action] E ItemChanged - -1,2849
[Thu May 07 11:44:39 UTC 2026][INFO] [Action] E SaveBook - Save
[Thu May 07 11:45:45 UTC 2026][INFO] [Action] E UpdateStyle - (c,3245,1),125:3:0,126:1:0,(r,3245,3245),T
[Thu May 07 11:46:15 UTC 2026][INFO] [Action] E ItemChanged - -1,18578
[Thu May 07 11:46:25 UTC 2026][INFO] [Action] E UpdateStyle - (c,18777,1),125:3:0,126:1:0,(r,18777,18777),T
[Thu May 07 11:46:28 UTC 2026][INFO] [Action] E ItemChanged - -1,34727
[Thu May 07 11:46:37 UTC 2026][INFO] [Action] E UpdateStyle - (c,34946,1),125:3:0,126:1:0,(r,34946,34946),T
[Thu May 07 11:46:39 UTC 2026][INFO] [Action] E ItemChanged - -1,50035
[Thu May 07 11:46:44 UTC 2026][INFO] [Action] E UpdateStyle - (c,50326,1),125:3:0,126:1:0,(r,50326,50326),T
[Thu May 07 11:46:46 UTC 2026][INFO] [Action] E ItemChanged - -1,66716
[Thu May 07 11:46:54 UTC 2026][INFO] [Action] E UpdateStyle - (r,66945,66945),125:3:0,126:1:0,(r,66945,66945),T
[Thu May 07 11:46:58 UTC 2026][INFO] [Action] E ItemChanged - -1,91727
[Thu May 07 11:47:02 UTC 2026][INFO] [Action] E UpdateStyle - (r,92009,92009),125:3:0,126:1:0,(r,92009,92009),T
[Thu May 07 11:47:04 UTC 2026][INFO] [Action] E ItemChanged - -1,107732
[Thu May 07 11:47:12 UTC 2026][INFO] [Action] E UpdateStyle - (c,108017,1),125:3:0,126:1:0,(r,108017,108017),T
[Thu May 07 11:47:14 UTC 2026][INFO] [Action] E ItemChanged - -1,107732
[Thu May 07 11:47:15 UTC 2026][INFO] [Action] E ItemChanged - -1,91727
[Thu May 07 11:49:17 UTC 2026][INFO] [Action] E SaveBook - Save
[Thu May 07 11:50:00 UTC 2026][INFO] [Action] E ApplyThemeBook - classic_theme
[Thu May 07 11:50:35 UTC 2026][INFO] [Action] E ItemChanged - -1,2849
[Thu May 07 11:50:36 UTC 2026][INFO] [Action] E ItemChanged - -1,2849
[Thu May 07 11:50:59 UTC 2026][INFO] [Action] E ItemChanged - -1,1
[Thu May 07 11:51:27 UTC 2026][INFO] [Action] E SaveBook - Save
[Thu May 07 11:52:06 UTC 2026][INFO] [Action] E SaveBook - Save
[Thu May 07 11:52:07 UTC 2026][INFO] Logger Terminated
[Thu May 07 11:55:43 UTC 2026][INFO] [Action] EE OpenBook - 2026-05-07 Libro Amazon_KC.kcb
[Thu May 07 11:55:59 UTC 2026][INFO] [Action] E PreviewBook - 1
[Thu May 07 11:56:36 UTC 2026][INFO] [Action] E SaveBook - SaveforExport
[Thu May 07 11:59:23 UTC 2026][INFO] [Action] EE ExportAction
[Thu May 07 11:59:26 UTC 2026][INFO] [Action] E SaveBook - Save
[Thu May 07 11:59:26 UTC 2026][INFO] Logger Terminated
